[wirefox.co.uk/wp-content/themes/wirefox/images/favicon.png]
[wirefox.co.uk/wp-content/themes/wirefox/images/apple-touch-icon.png]
[backblue.gif]
[fade.gif]
[index.html]
[wirefox.co.uk/xmlrpc0db0.php]
[wirefox.co.uk/wp-json/index.html]
[wirefox.co.uk/wp-includes/wlwmanifest.xml]
[wirefox.co.uk/wp-json/oembed/1.0/embed67f9.json]
[wirefox.co.uk/wp-json/oembed/1.0/embed1583]
[wirefox.co.uk/wp-content/themes/wirefox/images/wirefox-logo.png]
[wirefox.co.uk/wp-content/themes/wirefox/images/logo.png]
[wirefox.co.uk/wp-content/themes/wirefox/images/sq.png]
[wirefox.co.uk/wp-content/themes/wirefox/images/sec11-phoneiconblack.png]
[wirefox.co.uk/wp-content/themes/wirefox/images/shareBlack/fb.png]
[wirefox.co.uk/wp-content/themes/wirefox/images/shareBlack/tw.png]
[wirefox.co.uk/wp-content/themes/wirefox/images/shareBlack/gplus.png]
[wirefox.co.uk/wp-content/themes/wirefox/images/shareBlack/pin.png]
[wirefox.co.uk/wp-content/themes/wirefox/images/book-only.png]
[wirefox.co.uk/wp-content/themes/wirefox/images/black.png]
[wirefox.co.uk/wp-content/themes/wirefox/images/wire1.png]
[wirefox.co.uk/wp-content/themes/wirefox/images/car.png]
[wirefox.co.uk/wp-content/themes/wirefox/images/pc1.png]
[wirefox.co.uk/wp-content/themes/wirefox/images/ipad1.png]
[wirefox.co.uk/wp-content/themes/wirefox/images/phone2.png]
[wirefox.co.uk/wp-content/themes/wirefox/images/pc2.png]
[wirefox.co.uk/wp-content/themes/wirefox/images/sh1.png]
[wirefox.co.uk/wp-content/themes/wirefox/images/sh2.png]
[wirefox.co.uk/wp-content/themes/wirefox/images/mobile2.png]
[wirefox.co.uk/wp-content/themes/wirefox/images/phone3.png]
[wirefox.co.uk/wp-content/themes/wirefox/images/sec6-app1.png]
[wirefox.co.uk/wp-content/themes/wirefox/images/sec6-app2.png]
[wirefox.co.uk/wp-content/themes/wirefox/images/sec6-app3.png]
[wirefox.co.uk/wp-content/themes/wirefox/images/social-media1.png]
[wirefox.co.uk/wp-content/themes/wirefox/images/new_phone_rocket.png]
[wirefox.co.uk/wp-content/themes/wirefox/images/mail1.png]
[wirefox.co.uk/wp-content/themes/wirefox/images/mail2.png]
[wirefox.co.uk/wp-content/themes/wirefox/images/mail3.png]
[wirefox.co.uk/wp-content/themes/wirefox/images/mail4.png]
[wirefox.co.uk/wp-content/uploads/2018/02/sec9-meeticon.png]
[wirefox.co.uk/wp-content/uploads/2018/02/sec9-designicon.png]
[wirefox.co.uk/wp-content/uploads/2018/02/sec9-develop.png]
[wirefox.co.uk/wp-content/uploads/2018/02/sec9-launchicon.png]
[wirefox.co.uk/wp-content/uploads/2018/02/sec9-promoteicon.png]
[wirefox.co.uk/wp-content/themes/wirefox/images/fox.png]
[wirefox.co.uk/wp-content/themes/wirefox/images/sec11-phoneicon.png]
[wirefox.co.uk/wp-content/themes/wirefox/images/shareWhite/fb.png]
[wirefox.co.uk/wp-content/themes/wirefox/images/shareWhite/tw.png]
[wirefox.co.uk/wp-content/themes/wirefox/images/shareWhite/googleplus.png]
[wirefox.co.uk/wp-content/themes/wirefox/images/shareWhite/pin.png]
[ajax.googleapis.com/ajax/libs/jquery/3.3.1/jquery.min.js]
[wirefox.co.uk/wp-content/themes/wirefox/assets/plugins/jQuery/jquery-migrate-3.0.0.min.js]
[wirefox.co.uk/wp-content/themes/wirefox/assets/plugins/jQueryUI/jquery-ui.min.js]
[wirefox.co.uk/wp-content/themes/wirefox/assets/plugins/skroller/skrollr.min.js]
[wirefox.co.uk/wp-content/themes/wirefox/assets/js/custom-web.js]
[wirefox.co.uk/wp-content/themes/wirefox/assets/plugins/Menu/navbar.js]
[wirefox.co.uk/wp-content/themes/wirefox/assets/plugins/ScrollTrigger/ScrollTrigger.min.js]
[wirefox.co.uk/wp-content/themes/wirefox/assets/plugins/textanimation/jquery.lettering.js]
[wirefox.co.uk/wp-content/themes/wirefox/assets/plugins/textanimation/jquery.textillate.js]
[wirefox.co.uk/wp-content/themes/wirefox/assets/js/scroll.js]
[wirefox.co.uk/wp-content/themes/wirefox/assets/js/webgl/three.min.js]
[wirefox.co.uk/wp-content/themes/wirefox/assets/js/webgl/CopyShader.js]
[wirefox.co.uk/wp-content/themes/wirefox/assets/js/webgl/EffectComposer.js]
[wirefox.co.uk/wp-content/themes/wirefox/assets/js/webgl/RenderPass.js]
[wirefox.co.uk/wp-content/themes/wirefox/assets/js/webgl/ShaderPass.js]
[wirefox.co.uk/wp-content/themes/wirefox/assets/js/webgl/volumetriclight.js]
[wirefox.co.uk/wp-content/themes/wirefox/assets/js/webgl/OrbitControls.js]
[wirefox.co.uk/wp-content/themes/wirefox/assets/js/webgl/wifefoxObject.js]
[cdn.jsdelivr.net/velocity/1.2.3/velocity.min.js]
[wirefox.co.uk/wp-content/plugins/contact-form-7/includes/js/scripts20fd.js]
[wirefox.co.uk/wp-includes/js/wp-embed.min5010.js]
[wirefox.co.uk/index.html]
[wirefox.co.uk/wp-content/themes/wirefox/images/preimg2.jpg]
[wirefox.co.uk/wp-content/plugins/contact-form-7/images/ajax-loader.gif]
[wirefox.co.uk/wp-content/themes/wirefox/assets/plugins/bootstrap/fonts/glyphicons-halflings-regular.eot]
[wirefox.co.uk/wp-content/themes/wirefox/assets/plugins/jQueryUI/images/ui-icons_444444_256x240.png]
[wirefox.co.uk/wp-content/themes/wirefox/images/prebg.png]
[wirefox.co.uk/wp-content/themes/wirefox/images/menuBg.png]
[wirefox.co.uk/wp-content/cache/autoptimize/css/autoptimize_c33fa96c9701c3e59d45297f06ebad78.css]
[wirefox.co.uk/wp-json/oembed/1.0/embed954c.json]
[wirefox.co.uk/wp-json/oembed/1.0/embed87a4]
[wirefox.co.uk/wp-content/themes/wirefox/images/ourworkblack_crcle.png]
[wirefox.co.uk/wp-content/themes/wirefox/images/arrow.gif]
[wirefox.co.uk/wp-content/uploads/2017/11/Conceptual-2.png]
[wirefox.co.uk/wp-content/uploads/2017/11/ser_img2-2.png]
[wirefox.co.uk/wp-content/uploads/2017/11/ser_img4-5.png]
[wirefox.co.uk/wp-content/uploads/2017/11/solw8_1.png]
[wirefox.co.uk/wp-content/uploads/2017/11/ser_img1.png]
[wirefox.co.uk/wp-content/uploads/2017/11/ser_img2.png]
[wirefox.co.uk/wp-content/uploads/2017/11/ser_img4.png]
[wirefox.co.uk/service/conceptual-web-designs/index.html]
[wirefox.co.uk/wp-json/oembed/1.0/embed2379.json]
[wirefox.co.uk/wp-json/oembed/1.0/embeda986]
[wirefox.co.uk/wp-content/uploads/2017/12/so3-2.png]
[wirefox.co.uk/service/media-planning-buying/index.html]
[wirefox.co.uk/wp-json/oembed/1.0/embedd3d7.json]
[wirefox.co.uk/wp-json/oembed/1.0/embed304f]
[wirefox.co.uk/wp-content/uploads/2018/01/seo-uk.png]
[wirefox.co.uk/wp-content/uploads/2018/01/seo.png]
[wirefox.co.uk/wp-content/uploads/2017/11/sec9-meeticon.png]
[wirefox.co.uk/wp-content/uploads/2017/11/sec9-designicon.png]
[wirefox.co.uk/wp-content/uploads/2017/11/sec9-develop.png]
[wirefox.co.uk/wp-content/uploads/2017/11/sec9-launchicon.png]
[wirefox.co.uk/wp-content/uploads/2017/11/sec9-promoteicon.png]
[wirefox.co.uk/service/search-engine-optimisation/index.html]
[wirefox.co.uk/wp-json/oembed/1.0/embedd829.json]
[wirefox.co.uk/wp-json/oembed/1.0/embeda753]
[wirefox.co.uk/wp-content/uploads/2018/01/Mobile-App.png]
[wirefox.co.uk/service/social-media-marketing/index.html]
[wirefox.co.uk/wp-json/oembed/1.0/embed4cb4.json]
[wirefox.co.uk/wp-json/oembed/1.0/embed5d9a]
[wirefox.co.uk/wp-content/uploads/2018/01/Mobile-App-1.png]
[wirefox.co.uk/wp-content/uploads/2018/01/ser_img2.png]
[wirefox.co.uk/wp-content/uploads/2018/01/ser_img4-1024x948.png]
[wirefox.co.uk/wp-content/uploads/2018/01/android-mobile-app.png]
[wirefox.co.uk/service/mobile-app-web-application-development/index.html]
[wirefox.co.uk/wp-json/oembed/1.0/embed3c54.json]
[wirefox.co.uk/wp-json/oembed/1.0/embede107]
[wirefox.co.uk/wp-content/uploads/2018/01/Web-Designs.png]
[wirefox.co.uk/service/web-design-agency-in-birmingham/index.html]
[wirefox.co.uk/wp-json/oembed/1.0/embedc68e.json]
[wirefox.co.uk/wp-json/oembed/1.0/embedeaaa]
[wirefox.co.uk/wp-content/themes/wirefox/images/email.png]
[wirefox.co.uk/wp-content/uploads/2018/01/wholesalemeatscoventry-1.jpg]
[wirefox.co.uk/wp-content/themes/wirefox/images/ourwork_arrow.png]
[wirefox.co.uk/wp-content/uploads/2018/01/The-Really-Excellent-Sales-Company-1.jpg]
[wirefox.co.uk/wp-content/uploads/2018/01/woocloud-1.jpg]
[wirefox.co.uk/wp-content/uploads/2018/01/whites-foodequip.jpg]
[wirefox.co.uk/wp-content/uploads/2018/01/solihull-style-1.jpg]
[wirefox.co.uk/wp-content/uploads/2018/01/Perspective-opticians-1.jpg]
[wirefox.co.uk/wp-content/uploads/2018/01/liveitsupport-1.jpg]
[wirefox.co.uk/wp-content/uploads/2018/01/dandmmeats-1.jpg]
[wirefox.co.uk/our-work/index.html]
[wirefox.co.uk/wp-json/oembed/1.0/embeddcb1.json]
[wirefox.co.uk/wp-json/oembed/1.0/embed8713]
[wirefox.co.uk/wp-content/uploads/2018/02/What-Makes-A-Good-Website-1-1.png]
[wirefox.co.uk/wp-content/themes/wirefox/images/ourwork_arrow2.png]
[wirefox.co.uk/wp-content/uploads/2018/02/Email-Marketing-2018.png]
[wirefox.co.uk/wp-content/uploads/2018/02/Why-You-2018.png]
[wirefox.co.uk/wp-content/uploads/2017/11/Why-You-Should-Invest-in-a-New-Website-2018.png]
[wirefox.co.uk/blog/index.html]
[wirefox.co.uk/wp-json/oembed/1.0/embed31e8.json]
[wirefox.co.uk/wp-json/oembed/1.0/embed2e07]
[wirefox.co.uk/contact/index.html]
[wirefox.co.uk/index6ffe.html]
[wirefox.co.uk/indexe6f0.html]
[wirefox.co.uk/indexe887.html]
[wirefox.co.uk/indexdb4e.html]
[wirefox.co.uk/indexe856.html]
[wirefox.co.uk/index17d5.html]
[wirefox.co.uk/indexb5fb.html]
[wirefox.co.uk/indexc4f7.html]
[wirefox.co.uk/index2dc4.html]
